File "tests/typing/warning-shadow/variables.smt2", line 2, character 21-22:
Warning Shadowing: x was already bound at line 2, character 15-16
