File "tests/typing/errors/unfounded_datatype/error.smt2", line 2, character 0-79:
Error Not well founded datatype declaration
