[RESULT] Computation successful! Results:
[RESULT] t = ("a": ("x": 0,"y": false),"b": ("x": 1,"y": true))
