File "tests/parsing/dimacs/tokens/newline.cnf", line 1, character 1 to line 2, character 0:
Error while parsing a p-cnf header, read the newline character,
      but expected the keyword "cnf".
