[RESULT] Computation successful! Results:
[RESULT] x = 84.0648665
[RESULT] y = 4.368297
[RESULT] z = 19.24431111254569000230â€¦
