Error: "\240\159\148\165" is not a valid test label (must match ^[a-zA-Z0-9_- ]+$).
