File "tests/typing/errors/over_application/pb.zf", line 4, character 5-10:
Error Over application: this application has 1 too many term arguments.
