storage
  (Some "tz1cxcwwnzENRdhe2Kb8ZdTrdNy4bFNyScx5")
emitted operations
  
big_map diff
  
trace
  - location: 8 (remaining gas: 1039591 units remaining)
    [ (Pair "tz1cxcwwnzENRdhe2Kb8ZdTrdNy4bFNyScx5" None)  	 ]
  - location: 9 (remaining gas: 1039591 units remaining)
    [ "tz1cxcwwnzENRdhe2Kb8ZdTrdNy4bFNyScx5"  	@parameter ]
  - location: 10 (remaining gas: 1039591 units remaining)
    [ "tz1cxcwwnzENRdhe2Kb8ZdTrdNy4bFNyScx5"  	@parameter.address ]
  - location: 11 (remaining gas: 1039590 units remaining)
    [ (Some "tz1cxcwwnzENRdhe2Kb8ZdTrdNy4bFNyScx5")  	 ]
  - location: 12 (remaining gas: 1039590 units remaining)
    [ {}  	
      (Some "tz1cxcwwnzENRdhe2Kb8ZdTrdNy4bFNyScx5")  	 ]
  - location: 14 (remaining gas: 1039589 units remaining)
    [ (Pair {} (Some "tz1cxcwwnzENRdhe2Kb8ZdTrdNy4bFNyScx5"))  	 ]
  - location: -1 (remaining gas: 1039589 units remaining)
    [ (Pair {} (Some "tz1cxcwwnzENRdhe2Kb8ZdTrdNy4bFNyScx5"))  	 ]

