File "factory_abstract_type.ml", lines 1-2, characters 0-20:
1 | type t = int
2 | [@@deriving factory]
Error: ppx_factory.factory: cannot derive from abstract type. Has to be a record or variant type.
