Invalid request (no tests to run, filter skipped everything)!
Testing suite-with-duplicate-names.
This run has ID `<uuid>`.
