File "tests/typing/warnings/unused/term_variable.p", line 3, character 22-28:
Warning Quantified term variable `A : $i` is unused
