[ERROR] Cannot define rule as an exception to itself
[ERROR] 
[ERROR]  --> test_exception/bad/self_exception.catala
[ERROR]   | 
[ERROR] 9 |   exception base_y
[ERROR]   |             ^^^^^^
[ERROR]   + Test
