File "tests/parsing/smtlib/v2.6/errors/036_match_bad_match_case_2.smt2", line 3, character 34-37:
Error while parsing a list of match cases, read the symbol 'foo',
      but expected a match case of the form "(pattern term)".
